// Jest Snapshot v1, https://goo.gl/fbAQLP

exports[`App snapshot should always match the snapshot 1`] = `
ShallowWrapper {
  "length": 1,
  Symbol(enzyme.__root__): [Circular],
  Symbol(enzyme.__unrendered__): <App />,
  Symbol(enzyme.__renderer__): Object {
    "batchedUpdates": [Function],
    "getNode": [Function],
    "render": [Function],
    "simulateEvent": [Function],
    "unmount": [Function],
  },
  Symbol(enzyme.__node__): Array [
    <Route
      component={[Function]}
      path="/"
    />,
    <Route
      component={[Function]}
      exact={true}
      path="/"
    />,
    <Route
      component={[Function]}
      exact={true}
      path="/favorites"
    />,
    <Route
      component={[Function]}
      exact={true}
      path="/login"
    />,
    <Route
      component={[Function]}
      exact={true}
      path="/signup"
    />,
  ],
  Symbol(enzyme.__nodes__): Array [
    Array [
      <Route
        component={[Function]}
        path="/"
      />,
      <Route
        component={[Function]}
        exact={true}
        path="/"
      />,
      <Route
        component={[Function]}
        exact={true}
        path="/favorites"
      />,
      <Route
        component={[Function]}
        exact={true}
        path="/login"
      />,
      <Route
        component={[Function]}
        exact={true}
        path="/signup"
      />,
    ],
  ],
  Symbol(enzyme.__options__): Object {
    "adapter": ReactSixteenAdapter {
      "options": Object {
        "enableComponentDidUpdateOnSetState": true,
      },
    },
  },
}
`;
